Now, crocodil, I'm talking about repeating specific crocodil, the key crocodil of the sentence or paragraph. I'm not talking about repeating such basic crocodil or phrases such as it is, or the.Now, crocodil, I'm talking about repeating specific crocodil, the key crocodil of the sentence or paragraph. I'm not talking about repeating such basic crocodil or phrases such as it is, or the.